#
# There is insufficient memory for the Java Runtime Environment to continue.
# Native memory allocation (malloc) failed to allocate 1064288 bytes. Error detail: Chunk::new
# Possible reasons:
#   The system is out of physical RAM or swap space
#   This process is running with CompressedOops enabled, and the Java Heap may be blocking the growth of the native heap
# Possible solutions:
#   Reduce memory load on the system
#   Increase physical memory or swap space
#   Check if swap backing store is full
#   Decrease Java heap size (-Xmx/-Xms)
#   Decrease number of Java threads
#   Decrease Java thread stack sizes (-Xss)
#   Set larger code cache with -XX:ReservedCodeCacheSize=
#   JVM is running with Unscaled Compressed Oops mode in which the Java heap is
#     placed in the first 4GB address space. The Java Heap base address is the
#     maximum limit for the native heap growth. Please use -XX:HeapBaseMinAddress
#     to set the Java Heap base and to place the Java Heap above 4GB virtual address.
# This output file may be truncated or incomplete.
#
#  Out of Memory Error (arena.cpp:168), pid=9184, tid=18688
#
# JRE version: OpenJDK Runtime Environment Temurin-21.0.12+8 (21.0.12+8) (build 21.0.12+8-LTS)
# Java VM: OpenJDK 64-Bit Server VM Temurin-21.0.12+8 (21.0.12+8-LTS, mixed mode, sharing, tiered, compressed oops, compressed class ptrs, g1 gc, windows-amd64)
# No core dump will be written. Minidumps are not enabled by default on client versions of Windows
#

---------------  S U M M A R Y ------------

Command Line: -Dfile.encoding=UTF-8 -Dstdout.encoding=UTF-8 -Dstderr.encoding=UTF-8 -XX:+ShowCodeDetailsInExceptionMessages com.example.OnlineFoodOrderingSystem.OnlineFoodOrderingSystemApplication

Host: AMD Ryzen 3 7320U with Radeon Graphics         , 8 cores, 7G,  Windows 11 , 64 bit Build 26100 (10.0.26100.7920)
Time: Thu Aug 20 15:08:43 2026 India Standard Time elapsed time: 13.365890 seconds (0d 0h 0m 13s)

---------------  T H R E A D  ---------------

Current thread (0x000001ec1bd18480):  JavaThread "C2 CompilerThread1" daemon [_thread_in_native, id=18688, stack(0x000000ddbfa00000,0x000000ddbfb00000) (1024K)]


Current CompileTask:
C2:13365 7034       4       org.springframework.core.SerializableTypeWrapper$MethodInvokeTypeProvider::getType (57 bytes)

Stack: [0x000000ddbfa00000,0x000000ddbfb00000]
Native frames: (J=compiled Java code, j=interpreted, Vv=VM code, C=native code)
V  [jvm.dll+0x6d83e9]
V  [jvm.dll+0x8b5736]
V  [jvm.dll+0x8b7cee]
V  [jvm.dll+0x8b83d3]
V  [jvm.dll+0x284596]
V  [jvm.dll+0xc685d]
V  [jvm.dll+0xc6da1]
V  [jvm.dll+0x3bf18b]
V  [jvm.dll+0x38b6d2]
V  [jvm.dll+0x38ab1a]
V  [jvm.dll+0x24c700]
V  [jvm.dll+0x24bce0]
V  [jvm.dll+0x1cb4ae]
V  [jvm.dll+0x25baad]
V  [jvm.dll+0x25a03a]
V  [jvm.dll+0x3f8aae]
V  [jvm.dll+0x8600cd]
V  [jvm.dll+0x6d6c1d]
C  [ucrtbase.dll+0x37b0]
C  [KERNEL32.DLL+0x2e8d7]
C  [ntdll.dll+0x8c48c]


---------------  P R O C E S S  ---------------

Threads class SMR info:
_java_thread_list=0x000001ec1996a400, length=19, elements={
0x000001ebb3fe7fe0, 0x000001ebd08a86b0, 0x000001ebd08abf40, 0x000001ebd08b2160,
0x000001ebd08b2bc0, 0x000001ebd08b44f0, 0x000001ebd08bb280, 0x000001ebd08d0dd0,
0x000001ebd08d3890, 0x000001ebd08bc630, 0x000001ebd08bccc0, 0x000001ebd08bbfa0,
0x000001ebd08ba560, 0x000001ec1911f080, 0x000001ec1911f710, 0x000001ec1911e360,
0x000001ec191217e0, 0x000001ec1bd18480, 0x000001ec1af370b0
}

Java Threads: ( => current thread )
  0x000001ebb3fe7fe0 JavaThread "main"                              [_thread_in_native, id=30812, stack(0x000000ddbe800000,0x000000ddbe900000) (1024K)]
  0x000001ebd08a86b0 JavaThread "Reference Handler"          daemon [_thread_blocked, id=16276, stack(0x000000ddbf000000,0x000000ddbf100000) (1024K)]
  0x000001ebd08abf40 JavaThread "Finalizer"                  daemon [_thread_blocked, id=16820, stack(0x000000ddbf100000,0x000000ddbf200000) (1024K)]
  0x000001ebd08b2160 JavaThread "Signal Dispatcher"          daemon [_thread_blocked, id=11308, stack(0x000000ddbf200000,0x000000ddbf300000) (1024K)]
  0x000001ebd08b2bc0 JavaThread "Attach Listener"            daemon [_thread_blocked, id=31704, stack(0x000000ddbf300000,0x000000ddbf400000) (1024K)]
  0x000001ebd08b44f0 JavaThread "Service Thread"             daemon [_thread_blocked, id=6408, stack(0x000000ddbf400000,0x000000ddbf500000) (1024K)]
  0x000001ebd08bb280 JavaThread "Monitor Deflation Thread"   daemon [_thread_blocked, id=17000, stack(0x000000ddbf500000,0x000000ddbf600000) (1024K)]
  0x000001ebd08d0dd0 JavaThread "C2 CompilerThread0"         daemon [_thread_in_native, id=7336, stack(0x000000ddbf600000,0x000000ddbf700000) (1024K)]
  0x000001ebd08d3890 JavaThread "C1 CompilerThread0"         daemon [_thread_blocked, id=19240, stack(0x000000ddbf700000,0x000000ddbf800000) (1024K)]
  0x000001ebd08bc630 JavaThread "Notification Thread"        daemon [_thread_blocked, id=32736, stack(0x000000ddbf800000,0x000000ddbf900000) (1024K)]
  0x000001ebd08bccc0 JavaThread "Common-Cleaner"             daemon [_thread_blocked, id=4280, stack(0x000000ddbf900000,0x000000ddbfa00000) (1024K)]
  0x000001ebd08bbfa0 JavaThread "Catalina-utility-1"                [_thread_blocked, id=13108, stack(0x000000ddc0400000,0x000000ddc0500000) (1024K)]
  0x000001ebd08ba560 JavaThread "Catalina-utility-2"                [_thread_blocked, id=21344, stack(0x000000ddc0500000,0x000000ddc0600000) (1024K)]
  0x000001ec1911f080 JavaThread "container-0"                       [_thread_blocked, id=8824, stack(0x000000ddc0600000,0x000000ddc0700000) (1024K)]
  0x000001ec1911f710 JavaThread "mysql-cj-abandoned-connection-cleanup" daemon [_thread_blocked, id=21436, stack(0x000000ddc0700000,0x000000ddc0800000) (1024K)]
  0x000001ec1911e360 JavaThread "HikariPool-1:housekeeper"   daemon [_thread_blocked, id=16340, stack(0x000000ddc0900000,0x000000ddc0a00000) (1024K)]
  0x000001ec191217e0 JavaThread "HikariPool-1:connection-adder" daemon [_thread_blocked, id=33760, stack(0x000000ddc0a00000,0x000000ddc0b00000) (1024K)]
=>0x000001ec1bd18480 JavaThread "C2 CompilerThread1"         daemon [_thread_in_native, id=18688, stack(0x000000ddbfa00000,0x000000ddbfb00000) (1024K)]
  0x000001ec1af370b0 JavaThread "C2 CompilerThread2"         daemon [_thread_in_native, id=17280, stack(0x000000ddc0800000,0x000000ddc0900000) (1024K)]
Total: 19

Other Threads:
  0x000001ebd088d6b0 VMThread "VM Thread"                           [id=29388, stack(0x000000ddbef00000,0x000000ddbf000000) (1024K)]
  0x000001ebd087d8f0 WatcherThread "VM Periodic Task Thread"        [id=19260, stack(0x000000ddbee00000,0x000000ddbef00000) (1024K)]
  0x000001ebb403a760 WorkerThread "GC Thread#0"                     [id=15248, stack(0x000000ddbe900000,0x000000ddbea00000) (1024K)]
  0x000001ec16aa1f50 WorkerThread "GC Thread#1"                     [id=3728, stack(0x000000ddbfb00000,0x000000ddbfc00000) (1024K)]
  0x000001ec16a9adb0 WorkerThread "GC Thread#2"                     [id=16688, stack(0x000000ddbfc00000,0x000000ddbfd00000) (1024K)]
  0x000001ec16a0ec40 WorkerThread "GC Thread#3"                     [id=14908, stack(0x000000ddbfd00000,0x000000ddbfe00000) (1024K)]
  0x000001ec16a0eff0 WorkerThread "GC Thread#4"                     [id=30104, stack(0x000000ddbfe00000,0x000000ddbff00000) (1024K)]
  0x000001ec16a0f3a0 WorkerThread "GC Thread#5"                     [id=22116, stack(0x000000ddbff00000,0x000000ddc0000000) (1024K)]
  0x000001ec16a0f750 WorkerThread "GC Thread#6"                     [id=32364, stack(0x000000ddc0000000,0x000000ddc0100000) (1024K)]
  0x000001ec16f65520 WorkerThread "GC Thread#7"                     [id=33108, stack(0x000000ddc0200000,0x000000ddc0300000) (1024K)]
  0x000001ebb404bc50 ConcurrentGCThread "G1 Main Marker"            [id=24184, stack(0x000000ddbea00000,0x000000ddbeb00000) (1024K)]
  0x000001ebb404c670 WorkerThread "G1 Conc#0"                       [id=25804, stack(0x000000ddbeb00000,0x000000ddbec00000) (1024K)]
  0x000001ec1801ea60 WorkerThread "G1 Conc#1"                       [id=33592, stack(0x000000ddc0300000,0x000000ddc0400000) (1024K)]
  0x000001ebb409e760 ConcurrentGCThread "G1 Refine#0"               [id=29732, stack(0x000000ddbec00000,0x000000ddbed00000) (1024K)]
  0x000001ebd074a630 ConcurrentGCThread "G1 Service"                [id=6536, stack(0x000000ddbed00000,0x000000ddbee00000) (1024K)]
Total: 15

Threads with active compile tasks:
C2 CompilerThread0  13415 7018   !   4       org.springframework.beans.factory.support.DefaultListableBeanFactory::doGetBeanNamesForType (527 bytes)
C2 CompilerThread1  13415 7034       4       org.springframework.core.SerializableTypeWrapper$MethodInvokeTypeProvider::getType (57 bytes)
C2 CompilerThread2  13415 7106   !   4       org.springframework.core.annotation.AnnotationsScanner::processMethodHierarchy (276 bytes)
Total: 3

VM state: not at safepoint (normal execution)

VM Mutex/Monitor currently owned by a thread: None

Heap address: 0x000000008c200000, size: 1854 MB, Compressed Oops mode: 32-bit

CDS archive(s) mapped at: [0x000001ebd1000000-0x000001ebd1c80000-0x000001ebd1c80000), size 13107200, SharedBaseAddress: 0x000001ebd1000000, ArchiveRelocationMode: 1.
Compressed class space mapped at: 0x000001ebd2000000-0x000001ec12000000, reserved size: 1073741824
Narrow klass base: 0x000001ebd1000000, Narrow klass shift: 0, Narrow klass range: 0x100000000

GC Precious Log:
 CardTable entry size: 512
 Card Set container configuration: InlinePtr #cards 5 size 8 Array Of Cards #cards 12 size 40 Howl #buckets 4 coarsen threshold 1843 Howl Bitmap #cards 512 size 80 coarsen threshold 460 Card regions per heap region 1 cards per card region 2048
 CPUs: 8 total, 8 available
 Memory: 7412M
 Large Page Support: Disabled
 NUMA Support: Disabled
 Compressed Oops: Enabled (32-bit)
 Heap Region Size: 1M
 Heap Min Capacity: 8M
 Heap Initial Capacity: 116M
 Heap Max Capacity: 1854M
 Pre-touch: Disabled
 Parallel Workers: 8
 Concurrent Workers: 2
 Concurrent Refinement Workers: 8
 Periodic GC: Disabled

Heap:
 garbage-first heap   total 72704K, used 42480K [0x000000008c200000, 0x0000000100000000)
  region size 1024K, 14 young (14336K), 5 survivors (5120K)
 Metaspace       used 81213K, committed 81984K, reserved 1179648K
  class space    used 10980K, committed 11328K, reserved 1048576K

Heap Regions: E=young(eden), S=young(survivor), O=old, HS=humongous(starts), HC=humongous(continues), CS=collection set, F=free, TAMS=top-at-mark-start, PB=parsable bottom
|   0|0x000000008c200000, 0x000000008c300000, 0x000000008c300000|100%|HS|  |TAMS 0x000000008c200000| PB 0x000000008c200000| Complete 
|   1|0x000000008c300000, 0x000000008c400000, 0x000000008c400000|100%|HS|  |TAMS 0x000000008c300000| PB 0x000000008c300000| Complete 
|   2|0x000000008c400000, 0x000000008c500000, 0x000000008c500000|100%| O|  |TAMS 0x000000008c400000| PB 0x000000008c400000| Untracked 
|   3|0x000000008c500000, 0x000000008c600000, 0x000000008c600000|100%| O|  |TAMS 0x000000008c500000| PB 0x000000008c500000| Untracked 
|   4|0x000000008c600000, 0x000000008c700000, 0x000000008c700000|100%| O|  |TAMS 0x000000008c600000| PB 0x000000008c600000| Untracked 
|   5|0x000000008c700000, 0x000000008c800000, 0x000000008c800000|100%| O|  |TAMS 0x000000008c700000| PB 0x000000008c700000| Untracked 
|   6|0x000000008c800000, 0x000000008c900000, 0x000000008c900000|100%| O|  |TAMS 0x000000008c800000| PB 0x000000008c800000| Untracked 
|   7|0x000000008c900000, 0x000000008ca00000, 0x000000008ca00000|100%| O|  |TAMS 0x000000008c900000| PB 0x000000008c900000| Untracked 
|   8|0x000000008ca00000, 0x000000008cb00000, 0x000000008cb00000|100%| O|  |TAMS 0x000000008ca00000| PB 0x000000008ca00000| Untracked 
|   9|0x000000008cb00000, 0x000000008cc00000, 0x000000008cc00000|100%| O|  |TAMS 0x000000008cb00000| PB 0x000000008cb00000| Untracked 
|  10|0x000000008cc00000, 0x000000008cd00000, 0x000000008cd00000|100%| O|  |TAMS 0x000000008cc00000| PB 0x000000008cc00000| Untracked 
|  11|0x000000008cd00000, 0x000000008ce00000, 0x000000008ce00000|100%| O|  |TAMS 0x000000008cd00000| PB 0x000000008cd00000| Untracked 
|  12|0x000000008ce00000, 0x000000008cf00000, 0x000000008cf00000|100%| O|  |TAMS 0x000000008ce00000| PB 0x000000008ce00000| Untracked 
|  13|0x000000008cf00000, 0x000000008d000000, 0x000000008d000000|100%| O|  |TAMS 0x000000008cf00000| PB 0x000000008cf00000| Untracked 
|  14|0x000000008d000000, 0x000000008d100000, 0x000000008d100000|100%| O|  |TAMS 0x000000008d000000| PB 0x000000008d000000| Untracked 
|  15|0x000000008d100000, 0x000000008d200000, 0x000000008d200000|100%| O|  |TAMS 0x000000008d100000| PB 0x000000008d100000| Untracked 
|  16|0x000000008d200000, 0x000000008d300000, 0x000000008d300000|100%| O|  |TAMS 0x000000008d200000| PB 0x000000008d200000| Untracked 
|  17|0x000000008d300000, 0x000000008d400000, 0x000000008d400000|100%| O|  |TAMS 0x000000008d300000| PB 0x000000008d300000| Untracked 
|  18|0x000000008d400000, 0x000000008d500000, 0x000000008d500000|100%| O|  |TAMS 0x000000008d400000| PB 0x000000008d400000| Untracked 
|  19|0x000000008d500000, 0x000000008d600000, 0x000000008d600000|100%| O|  |TAMS 0x000000008d500000| PB 0x000000008d500000| Untracked 
|  20|0x000000008d600000, 0x000000008d700000, 0x000000008d700000|100%| O|  |TAMS 0x000000008d600000| PB 0x000000008d600000| Untracked 
|  21|0x000000008d700000, 0x000000008d800000, 0x000000008d800000|100%| O|  |TAMS 0x000000008d700000| PB 0x000000008d700000| Untracked 
|  22|0x000000008d800000, 0x000000008d900000, 0x000000008d900000|100%| O|  |TAMS 0x000000008d800000| PB 0x000000008d800000| Untracked 
|  23|0x000000008d900000, 0x000000008da00000, 0x000000008da00000|100%| O|  |TAMS 0x000000008d900000| PB 0x000000008d900000| Untracked 
|  24|0x000000008da00000, 0x000000008db00000, 0x000000008db00000|100%| O|  |TAMS 0x000000008da00000| PB 0x000000008da00000| Untracked 
|  25|0x000000008db00000, 0x000000008db7c0f0, 0x000000008dc00000| 48%| O|  |TAMS 0x000000008db00000| PB 0x000000008db00000| Untracked 
|  26|0x000000008dc00000, 0x000000008dc00000, 0x000000008dd00000|  0%| F|  |TAMS 0x000000008dc00000| PB 0x000000008dc00000| Untracked 
|  27|0x000000008dd00000, 0x000000008de00000, 0x000000008de00000|100%| S|CS|TAMS 0x000000008dd00000| PB 0x000000008dd00000| Complete 
|  28|0x000000008de00000, 0x000000008de00000, 0x000000008df00000|  0%| F|  |TAMS 0x000000008de00000| PB 0x000000008de00000| Untracked 
|  29|0x000000008df00000, 0x000000008df00000, 0x000000008e000000|  0%| F|  |TAMS 0x000000008df00000| PB 0x000000008df00000| Untracked 
|  30|0x000000008e000000, 0x000000008e100000, 0x000000008e100000|100%| S|CS|TAMS 0x000000008e000000| PB 0x000000008e000000| Complete 
|  31|0x000000008e100000, 0x000000008e200000, 0x000000008e200000|100%| S|CS|TAMS 0x000000008e100000| PB 0x000000008e100000| Complete 
|  32|0x000000008e200000, 0x000000008e300000, 0x000000008e300000|100%| S|CS|TAMS 0x000000008e200000| PB 0x000000008e200000| Complete 
|  33|0x000000008e300000, 0x000000008e300000, 0x000000008e400000|  0%| F|  |TAMS 0x000000008e300000| PB 0x000000008e300000| Untracked 
|  34|0x000000008e400000, 0x000000008e400000, 0x000000008e500000|  0%| F|  |TAMS 0x000000008e400000| PB 0x000000008e400000| Untracked 
|  35|0x000000008e500000, 0x000000008e600000, 0x000000008e600000|100%| S|CS|TAMS 0x000000008e500000| PB 0x000000008e500000| Complete 
|  36|0x000000008e600000, 0x000000008e600000, 0x000000008e700000|  0%| F|  |TAMS 0x000000008e600000| PB 0x000000008e600000| Untracked 
|  37|0x000000008e700000, 0x000000008e700000, 0x000000008e800000|  0%| F|  |TAMS 0x000000008e700000| PB 0x000000008e700000| Untracked 
|  38|0x000000008e800000, 0x000000008e800000, 0x000000008e900000|  0%| F|  |TAMS 0x000000008e800000| PB 0x000000008e800000| Untracked 
|  39|0x000000008e900000, 0x000000008e900000, 0x000000008ea00000|  0%| F|  |TAMS 0x000000008e900000| PB 0x000000008e900000| Untracked 
|  40|0x000000008ea00000, 0x000000008ea00000, 0x000000008eb00000|  0%| F|  |TAMS 0x000000008ea00000| PB 0x000000008ea00000| Untracked 
|  41|0x000000008eb00000, 0x000000008eb00000, 0x000000008ec00000|  0%| F|  |TAMS 0x000000008eb00000| PB 0x000000008eb00000| Untracked 
|  42|0x000000008ec00000, 0x000000008ec00000, 0x000000008ed00000|  0%| F|  |TAMS 0x000000008ec00000| PB 0x000000008ec00000| Untracked 
|  43|0x000000008ed00000, 0x000000008ed00000, 0x000000008ee00000|  0%| F|  |TAMS 0x000000008ed00000| PB 0x000000008ed00000| Untracked 
|  44|0x000000008ee00000, 0x000000008ee00000, 0x000000008ef00000|  0%| F|  |TAMS 0x000000008ee00000| PB 0x000000008ee00000| Untracked 
|  45|0x000000008ef00000, 0x000000008ef00000, 0x000000008f000000|  0%| F|  |TAMS 0x000000008ef00000| PB 0x000000008ef00000| Untracked 
|  46|0x000000008f000000, 0x000000008f000000, 0x000000008f100000|  0%| F|  |TAMS 0x000000008f000000| PB 0x000000008f000000| Untracked 
|  47|0x000000008f100000, 0x000000008f100000, 0x000000008f200000|  0%| F|  |TAMS 0x000000008f100000| PB 0x000000008f100000| Untracked 
|  48|0x000000008f200000, 0x000000008f200000, 0x000000008f300000|  0%| F|  |TAMS 0x000000008f200000| PB 0x000000008f200000| Untracked 
|  49|0x000000008f300000, 0x000000008f300000, 0x000000008f400000|  0%| F|  |TAMS 0x000000008f300000| PB 0x000000008f300000| Untracked 
|  50|0x000000008f400000, 0x000000008f400000, 0x000000008f500000|  0%| F|  |TAMS 0x000000008f400000| PB 0x000000008f400000| Untracked 
|  51|0x000000008f500000, 0x000000008f500000, 0x000000008f600000|  0%| F|  |TAMS 0x000000008f500000| PB 0x000000008f500000| Untracked 
|  52|0x000000008f600000, 0x000000008f600000, 0x000000008f700000|  0%| F|  |TAMS 0x000000008f600000| PB 0x000000008f600000| Untracked 
|  53|0x000000008f700000, 0x000000008f700000, 0x000000008f800000|  0%| F|  |TAMS 0x000000008f700000| PB 0x000000008f700000| Untracked 
|  54|0x000000008f800000, 0x000000008f800000, 0x000000008f900000|  0%| F|  |TAMS 0x000000008f800000| PB 0x000000008f800000| Untracked 
|  55|0x000000008f900000, 0x000000008f900000, 0x000000008fa00000|  0%| F|  |TAMS 0x000000008f900000| PB 0x000000008f900000| Untracked 
|  56|0x000000008fa00000, 0x000000008fa00000, 0x000000008fb00000|  0%| F|  |TAMS 0x000000008fa00000| PB 0x000000008fa00000| Untracked 
|  57|0x000000008fb00000, 0x000000008fb00000, 0x000000008fc00000|  0%| F|  |TAMS 0x000000008fb00000| PB 0x000000008fb00000| Untracked 
|  58|0x000000008fc00000, 0x000000008fc00000, 0x000000008fd00000|  0%| F|  |TAMS 0x000000008fc00000| PB 0x000000008fc00000| Untracked 
|  59|0x000000008fd00000, 0x000000008fe00000, 0x000000008fe00000|100%| E|  |TAMS 0x000000008fd00000| PB 0x000000008fd00000| Complete 
|  60|0x000000008fe00000, 0x000000008ff00000, 0x000000008ff00000|100%| E|CS|TAMS 0x000000008fe00000| PB 0x000000008fe00000| Complete 
|  75|0x0000000090d00000, 0x0000000090e00000, 0x0000000090e00000|100%| E|CS|TAMS 0x0000000090d00000| PB 0x0000000090d00000| Complete 
|  76|0x0000000090e00000, 0x0000000090f00000, 0x0000000090f00000|100%| E|CS|TAMS 0x0000000090e00000| PB 0x0000000090e00000| Complete 
|  77|0x0000000090f00000, 0x0000000091000000, 0x0000000091000000|100%| E|CS|TAMS 0x0000000090f00000| PB 0x0000000090f00000| Complete 
|  78|0x0000000091000000, 0x0000000091100000, 0x0000000091100000|100%| E|CS|TAMS 0x0000000091000000| PB 0x0000000091000000| Complete 
|  79|0x0000000091100000, 0x0000000091200000, 0x0000000091200000|100%| E|CS|TAMS 0x0000000091100000| PB 0x0000000091100000| Complete 
|  80|0x0000000091200000, 0x0000000091300000, 0x0000000091300000|100%| E|CS|TAMS 0x0000000091200000| PB 0x0000000091200000| Complete 
| 115|0x0000000093500000, 0x0000000093600000, 0x0000000093600000|100%| E|CS|TAMS 0x0000000093500000| PB 0x0000000093500000| Complete 
|1851|0x00000000ffd00000, 0x00000000ffe00000, 0x00000000ffe00000|100%| O|  |TAMS 0x00000000ffd00000| PB 0x00000000ffd00000| Untracked 
|1852|0x00000000ffe00000, 0x00000000fff00000, 0x00000000fff00000|100%| O|  |TAMS 0x00000000ffe00000| PB 0x00000000ffe00000| Untracked 
|1853|0x00000000fff00000, 0x0000000100000000, 0x0000000100000000|100%| O|  |TAMS 0x00000000fff00000| PB 0x00000000fff00000| Untracked 

Card table byte_map: [0x000001ebcbdd0000,0x000001ebcc170000] _byte_map_base: 0x000001ebcb96f000

Marking Bits: (CMBitMap*) 0x000001ebb403b590
 Bits: [0x000001ebcc170000, 0x000001ebcde68000)

Polling page: 0x000001ebb1f80000

Metaspace:

Usage:
  Non-class:     68.59 MB used.
      Class:     10.72 MB used.
       Both:     79.31 MB used.

Virtual space:
  Non-class space:      128.00 MB reserved,      69.00 MB ( 54%) committed,  2 nodes.
      Class space:        1.00 GB reserved,      11.06 MB (  1%) committed,  1 nodes.
             Both:        1.12 GB reserved,      80.06 MB (  7%) committed. 

Chunk freelists:
   Non-Class:  10.44 MB
       Class:  4.78 MB
        Both:  15.22 MB

MaxMetaspaceSize: unlimited
CompressedClassSpaceSize: 1.00 GB
Initial GC threshold: 21.00 MB
Current GC threshold: 98.06 MB
CDS: on
 - commit_granule_bytes: 65536.
 - commit_granule_words: 8192.
 - virtual_space_node_default_size: 8388608.
 - enlarge_chunks_in_place: 1.
 - use_allocation_guard: 0.


Internal statistics:

num_allocs_failed_limit: 11.
num_arena_births: 1060.
num_arena_deaths: 0.
num_vsnodes_births: 3.
num_vsnodes_deaths: 0.
num_space_committed: 1281.
num_space_uncommitted: 0.
num_chunks_returned_to_freelist: 11.
num_chunks_taken_from_freelist: 3865.
num_chunk_merges: 3.
num_chunk_splits: 2848.
num_chunks_enlarged: 2306.
num_inconsistent_stats: 0.

CodeHeap 'non-profiled nmethods': size=120000Kb used=4460Kb max_used=4460Kb free=115539Kb
 bounds [0x000001ebc41d0000, 0x000001ebc4630000, 0x000001ebcb700000]
CodeHeap 'profiled nmethods': size=120000Kb used=12686Kb max_used=12686Kb free=107313Kb
 bounds [0x000001ebbc700000, 0x000001ebbd370000, 0x000001ebc3c30000]
CodeHeap 'non-nmethods': size=5760Kb used=1621Kb max_used=1670Kb free=4138Kb
 bounds [0x000001ebc3c30000, 0x000001ebc3ea0000, 0x000001ebc41d0000]
CodeCache: size=245760Kb, used=18767Kb, max_used=18816Kb, free=226990Kb
 total_blobs=7242, nmethods=6487, adapters=656, full_count=0
Compilation: enabled, stopped_count=0, restarted_count=0

Compilation events (20 events):
Event: 12.326 Thread 0x000001ebd08d3890 nmethod 7105 0x000001ebbd355810 code [0x000001ebbd355a00, 0x000001ebbd355e00]
Event: 12.334 Thread 0x000001ebd08d3890 7107       2       org.springframework.core.annotation.TypeMappedAnnotation::getValue (125 bytes)
Event: 12.335 Thread 0x000001ebd08d3890 nmethod 7107 0x000001ebbd355f90 code [0x000001ebbd356180, 0x000001ebbd356468]
Event: 12.335 Thread 0x000001ebd08d3890 7109       3       java.util.Optional::orElseThrow (22 bytes)
Event: 12.335 Thread 0x000001ebd08d3890 nmethod 7109 0x000001ebbd356710 code [0x000001ebbd3568c0, 0x000001ebbd356bc8]
Event: 12.335 Thread 0x000001ebd08d3890 7108       1       org.springframework.core.annotation.TypeMappedAnnotations$AggregatesSpliterator::characteristics (4 bytes)
Event: 12.336 Thread 0x000001ebd08d3890 nmethod 7108 0x000001ebc4627f10 code [0x000001ebc46280a0, 0x000001ebc4628168]
Event: 12.337 Thread 0x000001ebd08d3890 7110       3       java.util.stream.ReferencePipeline$StatefulOp::<init> (29 bytes)
Event: 12.338 Thread 0x000001ebd08d3890 nmethod 7110 0x000001ebbd356d10 code [0x000001ebbd356ec0, 0x000001ebbd357078]
Event: 12.338 Thread 0x000001ebd08d3890 7111       3       org.springframework.core.annotation.SynthesizedMergedAnnotationInvocationHandler::getAttributeValue (46 bytes)
Event: 12.339 Thread 0x000001ebd08d3890 nmethod 7111 0x000001ebbd357190 code [0x000001ebbd3573e0, 0x000001ebbd357c48]
Event: 12.339 Thread 0x000001ebd08d3890 7112       3       org.springframework.core.annotation.SynthesizedMergedAnnotationInvocationHandler$$Lambda/0x000001ebd2454800::<init> (15 bytes)
Event: 12.339 Thread 0x000001ebd08d3890 nmethod 7112 0x000001ebbd357f90 code [0x000001ebbd358140, 0x000001ebbd358360]
Event: 12.345 Thread 0x000001ebd08d3890 7113       3       java.util.function.Predicate$$Lambda/0x000001ebd215daf0::test (15 bytes)
Event: 12.345 Thread 0x000001ebd08d3890 nmethod 7113 0x000001ebbd358410 code [0x000001ebbd3585e0, 0x000001ebbd358a50]
Event: 12.345 Thread 0x000001ebd08d3890 7114       3       java.util.function.Predicate::lambda$or$2 (26 bytes)
Event: 12.345 Thread 0x000001ebd08d3890 nmethod 7114 0x000001ebbd358b90 code [0x000001ebbd358d60, 0x000001ebbd359090]
Event: 12.346 Thread 0x000001ebd08d3890 7115       3       org.springframework.core.annotation.TypeMappedAnnotations$Aggregate::createMergedAnnotationIfPossible (36 bytes)
Event: 12.346 Thread 0x000001ebd08d3890 nmethod 7115 0x000001ebbd359190 code [0x000001ebbd359380, 0x000001ebbd359940]
Event: 12.347 Thread 0x000001ebd08d3890 7116       3       org.springframework.core.annotation.SynthesizedMergedAnnotationInvocationHandler::invoke (212 bytes)

GC Heap History (20 events):
Event: 2.594 GC heap before
{Heap before GC invocations=2 (full 0):
 garbage-first heap   total 118784K, used 42023K [0x000000008c200000, 0x0000000100000000)
  region size 1024K, 35 young (35840K), 3 survivors (3072K)
 Metaspace       used 21142K, committed 21504K, reserved 1114112K
  class space    used 2726K, committed 2880K, reserved 1048576K
}
Event: 2.601 GC heap after
{Heap after GC invocations=3 (full 0):
 garbage-first heap   total 118784K, used 14292K [0x000000008c200000, 0x0000000100000000)
  region size 1024K, 6 young (6144K), 6 survivors (6144K)
 Metaspace       used 21142K, committed 21504K, reserved 1114112K
  class space    used 2726K, committed 2880K, reserved 1048576K
}
Event: 3.305 GC heap before
{Heap before GC invocations=4 (full 0):
 garbage-first heap   total 51200K, used 50132K [0x000000008c200000, 0x0000000100000000)
  region size 1024K, 41 young (41984K), 6 survivors (6144K)
 Metaspace       used 27702K, committed 28160K, reserved 1114112K
  class space    used 3489K, committed 3712K, reserved 1048576K
}
Event: 3.316 GC heap after
{Heap after GC invocations=5 (full 0):
 garbage-first heap   total 60416K, used 16665K [0x000000008c200000, 0x0000000100000000)
  region size 1024K, 6 young (6144K), 6 survivors (6144K)
 Metaspace       used 27702K, committed 28160K, reserved 1114112K
  class space    used 3489K, committed 3712K, reserved 1048576K
}
Event: 4.640 GC heap before
{Heap before GC invocations=5 (full 0):
 garbage-first heap   total 60416K, used 46361K [0x000000008c200000, 0x0000000100000000)
  region size 1024K, 35 young (35840K), 6 survivors (6144K)
 Metaspace       used 32592K, committed 33024K, reserved 1114112K
  class space    used 4104K, committed 4288K, reserved 1048576K
}
Event: 4.654 GC heap after
{Heap after GC invocations=6 (full 0):
 garbage-first heap   total 60416K, used 19191K [0x000000008c200000, 0x0000000100000000)
  region size 1024K, 5 young (5120K), 5 survivors (5120K)
 Metaspace       used 32592K, committed 33024K, reserved 1114112K
  class space    used 4104K, committed 4288K, reserved 1048576K
}
Event: 5.317 GC heap before
{Heap before GC invocations=6 (full 0):
 garbage-first heap   total 60416K, used 33527K [0x000000008c200000, 0x0000000100000000)
  region size 1024K, 20 young (20480K), 5 survivors (5120K)
 Metaspace       used 35485K, committed 35968K, reserved 1114112K
  class space    used 4571K, committed 4800K, reserved 1048576K
}
Event: 5.330 GC heap after
{Heap after GC invocations=7 (full 0):
 garbage-first heap   total 60416K, used 20682K [0x000000008c200000, 0x0000000100000000)
  region size 1024K, 4 young (4096K), 4 survivors (4096K)
 Metaspace       used 35485K, committed 35968K, reserved 1114112K
  class space    used 4571K, committed 4800K, reserved 1048576K
}
Event: 6.747 GC heap before
{Heap before GC invocations=8 (full 0):
 garbage-first heap   total 60416K, used 49354K [0x000000008c200000, 0x0000000100000000)
  region size 1024K, 32 young (32768K), 4 survivors (4096K)
 Metaspace       used 42767K, committed 43392K, reserved 1114112K
  class space    used 5525K, committed 5824K, reserved 1048576K
}
Event: 6.756 GC heap after
{Heap after GC invocations=9 (full 0):
 garbage-first heap   total 72704K, used 23381K [0x000000008c200000, 0x0000000100000000)
  region size 1024K, 4 young (4096K), 4 survivors (4096K)
 Metaspace       used 42767K, committed 43392K, reserved 1114112K
  class space    used 5525K, committed 5824K, reserved 1048576K
}
Event: 8.137 GC heap before
{Heap before GC invocations=9 (full 0):
 garbage-first heap   total 72704K, used 59221K [0x000000008c200000, 0x0000000100000000)
  region size 1024K, 39 young (39936K), 4 survivors (4096K)
 Metaspace       used 55256K, committed 55872K, reserved 1114112K
  class space    used 7351K, committed 7616K, reserved 1048576K
}
Event: 8.144 GC heap after
{Heap after GC invocations=10 (full 0):
 garbage-first heap   total 72704K, used 26147K [0x000000008c200000, 0x0000000100000000)
  region size 1024K, 5 young (5120K), 5 survivors (5120K)
 Metaspace       used 55256K, committed 55872K, reserved 1114112K
  class space    used 7351K, committed 7616K, reserved 1048576K
}
Event: 8.735 GC heap before
{Heap before GC invocations=10 (full 0):
 garbage-first heap   total 72704K, used 41507K [0x000000008c200000, 0x0000000100000000)
  region size 1024K, 21 young (21504K), 5 survivors (5120K)
 Metaspace       used 59467K, committed 60096K, reserved 1114112K
  class space    used 7855K, committed 8128K, reserved 1048576K
}
Event: 8.740 GC heap after
{Heap after GC invocations=11 (full 0):
 garbage-first heap   total 72704K, used 28212K [0x000000008c200000, 0x0000000100000000)
  region size 1024K, 2 young (2048K), 2 survivors (2048K)
 Metaspace       used 59467K, committed 60096K, reserved 1114112K
  class space    used 7855K, committed 8128K, reserved 1048576K
}
Event: 9.639 GC heap before
{Heap before GC invocations=12 (full 0):
 garbage-first heap   total 72704K, used 60980K [0x000000008c200000, 0x0000000100000000)
  region size 1024K, 35 young (35840K), 2 survivors (2048K)
 Metaspace       used 68657K, committed 69312K, reserved 1114112K
  class space    used 9242K, committed 9536K, reserved 1048576K
}
Event: 9.644 GC heap after
{Heap after GC invocations=13 (full 0):
 garbage-first heap   total 72704K, used 29546K [0x000000008c200000, 0x0000000100000000)
  region size 1024K, 3 young (3072K), 3 survivors (3072K)
 Metaspace       used 68657K, committed 69312K, reserved 1114112K
  class space    used 9242K, committed 9536K, reserved 1048576K
}
Event: 10.604 GC heap before
{Heap before GC invocations=13 (full 0):
 garbage-first heap   total 72704K, used 63338K [0x000000008c200000, 0x0000000100000000)
  region size 1024K, 36 young (36864K), 3 survivors (3072K)
 Metaspace       used 75184K, committed 75904K, reserved 1179648K
  class space    used 10198K, committed 10496K, reserved 1048576K
}
Event: 10.611 GC heap after
{Heap after GC invocations=14 (full 0):
 garbage-first heap   total 72704K, used 31365K [0x000000008c200000, 0x0000000100000000)
  region size 1024K, 4 young (4096K), 4 survivors (4096K)
 Metaspace       used 75184K, committed 75904K, reserved 1179648K
  class space    used 10198K, committed 10496K, reserved 1048576K
}
Event: 11.714 GC heap before
{Heap before GC invocations=14 (full 0):
 garbage-first heap   total 72704K, used 64133K [0x000000008c200000, 0x0000000100000000)
  region size 1024K, 36 young (36864K), 4 survivors (4096K)
 Metaspace       used 80018K, committed 80768K, reserved 1179648K
  class space    used 10806K, committed 11136K, reserved 1048576K
}
Event: 11.720 GC heap after
{Heap after GC invocations=15 (full 0):
 garbage-first heap   total 72704K, used 34288K [0x000000008c200000, 0x0000000100000000)
  region size 1024K, 5 young (5120K), 5 survivors (5120K)
 Metaspace       used 80018K, committed 80768K, reserved 1179648K
  class space    used 10806K, committed 11136K, reserved 1048576K
}

Dll operation events (20 events):
Event: 0.030 Attempting to load shared library C:\Program Files\Eclipse Adoptium\jdk-21.0.12.8-hotspot\bin\java.dll
Event: 0.033 Loaded shared library C:\Program Files\Eclipse Adoptium\jdk-21.0.12.8-hotspot\bin\java.dll
Event: 0.136 Attempting to load shared library C:\Program Files\Eclipse Adoptium\jdk-21.0.12.8-hotspot\bin\jsvml.dll
Event: 0.139 Loaded shared library C:\Program Files\Eclipse Adoptium\jdk-21.0.12.8-hotspot\bin\jsvml.dll
Event: 0.252 Attempting to load shared library C:\Program Files\Eclipse Adoptium\jdk-21.0.12.8-hotspot\bin\net.dll
Event: 0.255 Loaded shared library C:\Program Files\Eclipse Adoptium\jdk-21.0.12.8-hotspot\bin\net.dll
Event: 0.257 Attempting to load shared library C:\Program Files\Eclipse Adoptium\jdk-21.0.12.8-hotspot\bin\nio.dll
Event: 0.260 Loaded shared library C:\Program Files\Eclipse Adoptium\jdk-21.0.12.8-hotspot\bin\nio.dll
Event: 0.264 Attempting to load shared library C:\Program Files\Eclipse Adoptium\jdk-21.0.12.8-hotspot\bin\zip.dll
Event: 0.267 Loaded shared library C:\Program Files\Eclipse Adoptium\jdk-21.0.12.8-hotspot\bin\zip.dll
Event: 0.458 Attempting to load shared library C:\Program Files\Eclipse Adoptium\jdk-21.0.12.8-hotspot\bin\jimage.dll
Event: 0.458 Loaded shared library C:\Program Files\Eclipse Adoptium\jdk-21.0.12.8-hotspot\bin\jimage.dll
Event: 2.648 Attempting to load shared library C:\Program Files\Eclipse Adoptium\jdk-21.0.12.8-hotspot\bin\sunmscapi.dll
Event: 2.653 Loaded shared library C:\Program Files\Eclipse Adoptium\jdk-21.0.12.8-hotspot\bin\sunmscapi.dll
Event: 5.618 Attempting to load shared library C:\Program Files\Eclipse Adoptium\jdk-21.0.12.8-hotspot\bin\management.dll
Event: 5.620 Loaded shared library C:\Program Files\Eclipse Adoptium\jdk-21.0.12.8-hotspot\bin\management.dll
Event: 5.625 Attempting to load shared library C:\Program Files\Eclipse Adoptium\jdk-21.0.12.8-hotspot\bin\management_ext.dll
Event: 5.628 Loaded shared library C:\Program Files\Eclipse Adoptium\jdk-21.0.12.8-hotspot\bin\management_ext.dll
Event: 7.737 Attempting to load shared library C:\Program Files\Eclipse Adoptium\jdk-21.0.12.8-hotspot\bin\extnet.dll
Event: 7.738 Loaded shared library C:\Program Files\Eclipse Adoptium\jdk-21.0.12.8-hotspot\bin\extnet.dll

Deoptimization events (20 events):
Event: 12.331 Thread 0x000001ebb3fe7fe0 Uncommon trap: trap_request=0xffffffc6 fr.pc=0x000001ebc45d2304 relative=0x00000000000005c4
Event: 12.331 Thread 0x000001ebb3fe7fe0 Uncommon trap: reason=bimorphic_or_optimized_type_check action=maybe_recompile pc=0x000001ebc45d2304 method=org.springframework.core.annotation.AnnotationsScanner.processMethodAnnotations(Ljava/lang/Object;ILjava/lang/reflect/Method;Lorg/springframework/c
Event: 12.331 Thread 0x000001ebb3fe7fe0 DEOPT PACKING pc=0x000001ebc45d2304 sp=0x000000ddbe8fda80
Event: 12.331 Thread 0x000001ebb3fe7fe0 DEOPT UNPACKING pc=0x000001ebc3c84422 sp=0x000000ddbe8fda28 mode 2
Event: 12.333 Thread 0x000001ebb3fe7fe0 Uncommon trap: trap_request=0xffffffc6 fr.pc=0x000001ebc458bb64 relative=0x00000000000015a4
Event: 12.333 Thread 0x000001ebb3fe7fe0 Uncommon trap: reason=bimorphic_or_optimized_type_check action=maybe_recompile pc=0x000001ebc458bb64 method=org.springframework.core.annotation.AnnotationsScanner.processMethodHierarchy(Ljava/lang/Object;[ILjava/lang/Class;Lorg/springframework/core/annota
Event: 12.333 Thread 0x000001ebb3fe7fe0 DEOPT PACKING pc=0x000001ebc458bb64 sp=0x000000ddbe8fdb00
Event: 12.333 Thread 0x000001ebb3fe7fe0 DEOPT UNPACKING pc=0x000001ebc3c84422 sp=0x000000ddbe8fdad8 mode 2
Event: 12.333 Thread 0x000001ebb3fe7fe0 Uncommon trap: trap_request=0xffffffc6 fr.pc=0x000001ebc45d2304 relative=0x00000000000005c4
Event: 12.333 Thread 0x000001ebb3fe7fe0 Uncommon trap: reason=bimorphic_or_optimized_type_check action=maybe_recompile pc=0x000001ebc45d2304 method=org.springframework.core.annotation.AnnotationsScanner.processMethodAnnotations(Ljava/lang/Object;ILjava/lang/reflect/Method;Lorg/springframework/c
Event: 12.333 Thread 0x000001ebb3fe7fe0 DEOPT PACKING pc=0x000001ebc45d2304 sp=0x000000ddbe8fda80
Event: 12.333 Thread 0x000001ebb3fe7fe0 DEOPT UNPACKING pc=0x000001ebc3c84422 sp=0x000000ddbe8fda28 mode 2
Event: 12.334 Thread 0x000001ebb3fe7fe0 Uncommon trap: trap_request=0xffffffc6 fr.pc=0x000001ebc4415b68 relative=0x0000000000000988
Event: 12.334 Thread 0x000001ebb3fe7fe0 Uncommon trap: reason=bimorphic_or_optimized_type_check action=maybe_recompile pc=0x000001ebc4415b68 method=org.springframework.core.annotation.AnnotationsScanner.processClassHierarchy(Ljava/lang/Object;[ILjava/lang/Class;Lorg/springframework/core/annotat
Event: 12.334 Thread 0x000001ebb3fe7fe0 DEOPT PACKING pc=0x000001ebc4415b68 sp=0x000000ddbe8fdb20
Event: 12.334 Thread 0x000001ebb3fe7fe0 DEOPT UNPACKING pc=0x000001ebc3c84422 sp=0x000000ddbe8fdae8 mode 2
Event: 12.335 Thread 0x000001ebb3fe7fe0 Uncommon trap: trap_request=0xffffffc6 fr.pc=0x000001ebc4415b68 relative=0x0000000000000988
Event: 12.335 Thread 0x000001ebb3fe7fe0 Uncommon trap: reason=bimorphic_or_optimized_type_check action=maybe_recompile pc=0x000001ebc4415b68 method=org.springframework.core.annotation.AnnotationsScanner.processClassHierarchy(Ljava/lang/Object;[ILjava/lang/Class;Lorg/springframework/core/annotat
Event: 12.335 Thread 0x000001ebb3fe7fe0 DEOPT PACKING pc=0x000001ebc4415b68 sp=0x000000ddbe8fdb20
Event: 12.335 Thread 0x000001ebb3fe7fe0 DEOPT UNPACKING pc=0x000001ebc3c84422 sp=0x000000ddbe8fdae8 mode 2

Classes loaded (20 events):
Event: 10.419 Loading class sun/reflect/generics/reflectiveObjects/GenericArrayTypeImpl
Event: 10.419 Loading class sun/reflect/generics/reflectiveObjects/GenericArrayTypeImpl done
Event: 10.643 Loading class java/lang/Package$1PackageInfoProxy
Event: 10.643 Loading class java/lang/Package$1PackageInfoProxy done
Event: 10.768 Loading class java/lang/invoke/WrongMethodTypeException
Event: 10.768 Loading class java/lang/invoke/WrongMethodTypeException done
Event: 10.845 Loading class java/util/WeakHashMap$KeyIterator
Event: 10.846 Loading class java/util/WeakHashMap$KeyIterator done
Event: 11.110 Loading class java/util/Collections$SynchronizedRandomAccessList
Event: 11.110 Loading class java/util/Collections$SynchronizedList
Event: 11.111 Loading class java/util/Collections$SynchronizedList done
Event: 11.111 Loading class java/util/Collections$SynchronizedRandomAccessList done
Event: 11.399 Loading class java/util/EnumMap$EntrySet
Event: 11.399 Loading class java/util/EnumMap$EntrySet done
Event: 11.399 Loading class java/util/EnumMap$EntryIterator
Event: 11.399 Loading class java/util/EnumMap$EnumMapIterator
Event: 11.399 Loading class java/util/EnumMap$EnumMapIterator done
Event: 11.399 Loading class java/util/EnumMap$EntryIterator done
Event: 11.647 Loading class java/util/Comparators$NullComparator
Event: 11.647 Loading class java/util/Comparators$NullComparator done

Classes unloaded (0 events):
No events

Classes redefined (0 events):
No events

Internal exceptions (20 events):
Event: 9.939 Thread 0x000001ebb3fe7fe0 Exception <a 'java/lang/NoSuchMethodError'{0x000000008f850e00}: 'java.lang.Object java.lang.invoke.DirectMethodHandle$Holder.newInvokeSpecial(java.lang.Object, java.lang.Object, int, java.lang.Object)'> (0x000000008f850e00) 
thrown [s\src\hotspot\share\interpreter\linkResolver.cpp, line 773]
Event: 9.966 Thread 0x000001ebb3fe7fe0 Exception <a 'java/lang/NoSuchMethodError'{0x000000008f709918}: 'void java.lang.invoke.DirectMethodHandle$Holder.invokeSpecial(java.lang.Object, java.lang.Object, java.lang.Object, java.lang.Object, java.lang.Object, java.lang.Object, java.lang.Object, java.lang.Object)'> (0x000000008f709918) 
thrown [s\src\hotspot\share\interpreter\linkResolver.cpp, line 773]
Event: 10.003 Thread 0x000001ebb3fe7fe0 Exception <a 'java/lang/NoSuchMethodError'{0x000000008f68a380}: 'int java.lang.invoke.DirectMethodHandle$Holder.invokeStatic(java.lang.Object, java.lang.Object, int, java.lang.Object)'> (0x000000008f68a380) 
thrown [s\src\hotspot\share\interpreter\linkResolver.cpp, line 773]
Event: 10.003 Thread 0x000001ebb3fe7fe0 Exception <a 'java/lang/NoSuchMethodError'{0x000000008f690080}: 'int java.lang.invoke.DirectMethodHandle$Holder.invokeStatic(java.lang.Object, int, java.lang.Object)'> (0x000000008f690080) 
thrown [s\src\hotspot\share\interpreter\linkResolver.cpp, line 773]
Event: 10.009 Thread 0x000001ebb3fe7fe0 Exception <a 'java/lang/NoSuchMethodError'{0x000000008f6d9ca0}: 'java.lang.Object java.lang.invoke.Invokers$Holder.linkToTargetMethod(java.lang.Object, java.lang.Object, java.lang.Object, java.lang.Object, java.lang.Object, java.lang.Object, java.lang.Object, java.lang.Object, java.lang.Object, java.lang.Object, java.lang.Object, java.lang.Object)'> (0x000000008f6d9ca0) 
thrown [s\src\hotspot\share\interpreter\linkResolver.cpp, line 773]
Event: 10.053 Thread 0x000001ebb3fe7fe0 Exception <a 'java/lang/IncompatibleClassChangeError'{0x000000008f43c048}: Found class java.lang.Object, but interface was expected> (0x000000008f43c048) 
thrown [s\src\hotspot\share\interpreter\linkResolver.cpp, line 840]
Event: 10.094 Thread 0x000001ebb3fe7fe0 Exception <a 'java/lang/NoSuchMethodError'{0x000000008f390048}: 'java.lang.Object java.lang.invoke.DirectMethodHandle$Holder.newInvokeSpecial(java.lang.Object, java.lang.Object, int, java.lang.Object, int, java.lang.Object, java.lang.Object)'> (0x000000008f390048) 
thrown [s\src\hotspot\share\interpreter\linkResolver.cpp, line 773]
Event: 10.339 Thread 0x000001ebb3fe7fe0 Implicit null exception at 0x000001ebc434fda2 to 0x000001ebc43500b8
Event: 10.339 Thread 0x000001ebb3fe7fe0 Implicit null exception at 0x000001ebc454bea2 to 0x000001ebc454c1b8
Event: 10.410 Thread 0x000001ebb3fe7fe0 Implicit null exception at 0x000001ebc4510003 to 0x000001ebc45102e4
Event: 10.432 Thread 0x000001ebb3fe7fe0 Implicit null exception at 0x000001ebc4467950 to 0x000001ebc4469414
Event: 10.442 Thread 0x000001ebb3fe7fe0 Exception <a 'java/lang/IncompatibleClassChangeError'{0x000000008e9aaeb8}: Found class java.lang.Object, but interface was expected> (0x000000008e9aaeb8) 
thrown [s\src\hotspot\share\interpreter\linkResolver.cpp, line 840]
Event: 10.511 Thread 0x000001ebb3fe7fe0 Exception <a 'java/lang/IncompatibleClassChangeError'{0x000000008e7314b8}: Found class java.lang.Object, but interface was expected> (0x000000008e7314b8) 
thrown [s\src\hotspot\share\interpreter\linkResolver.cpp, line 840]
Event: 10.800 Thread 0x000001ebb3fe7fe0 Exception <a 'java/lang/IncompatibleClassChangeError'{0x0000000090efd178}: Found class java.lang.Object, but interface was expected> (0x0000000090efd178) 
thrown [s\src\hotspot\share\interpreter\linkResolver.cpp, line 840]
Event: 11.011 Thread 0x000001ebb3fe7fe0 Exception <a 'java/lang/NoSuchMethodError'{0x000000008f8df820}: 'java.lang.Object java.lang.invoke.DirectMethodHandle$Holder.newInvokeSpecial(java.lang.Object, java.lang.Object, java.lang.Object, java.lang.Object, java.lang.Object, java.lang.Object, java.lang.Object, java.lang.Object, java.lang.Object, java.lang.Object, java.lang.Object)'> (0x000000008f8df820) 
thrown [s\src\hotspot\share\interpreter\linkResolver.cpp, line 773]
Event: 11.263 Thread 0x000001ebb3fe7fe0 Exception <a 'java/lang/NoSuchMethodError'{0x000000008f20eb70}: 'java.lang.Object java.lang.invoke.DirectMethodHandle$Holder.invokeVirtual(java.lang.Object, java.lang.Object, java.lang.Object, java.lang.Object, java.lang.Object, java.lang.Object, java.lang.Object, java.lang.Object)'> (0x000000008f20eb70) 
thrown [s\src\hotspot\share\interpreter\linkResolver.cpp, line 773]
Event: 11.400 Thread 0x000001ebb3fe7fe0 Exception <a 'java/lang/NoSuchMethodError'{0x000000008f0b11a8}: 'java.lang.Object java.lang.invoke.DirectMethodHandle$Holder.invokeVirtual(java.lang.Object, java.lang.Object, java.lang.Object, int)'> (0x000000008f0b11a8) 
thrown [s\src\hotspot\share\interpreter\linkResolver.cpp, line 773]
Event: 11.837 Thread 0x000001ebb3fe7fe0 Exception <a 'java/lang/NoSuchMethodError'{0x0000000091038c38}: 'java.lang.Object java.lang.invoke.DirectMethodHandle$Holder.invokeInterface(java.lang.Object, java.lang.Object, java.lang.Object, java.lang.Object)'> (0x0000000091038c38) 
thrown [s\src\hotspot\share\interpreter\linkResolver.cpp, line 773]
Event: 12.217 Thread 0x000001ebb3fe7fe0 Exception <a 'java/lang/NoSuchMethodError'{0x0000000090e7c930}: 'java.lang.Object java.lang.invoke.DirectMethodHandle$Holder.invokeVirtual(java.lang.Object, java.lang.Object, int)'> (0x0000000090e7c930) 
thrown [s\src\hotspot\share\interpreter\linkResolver.cpp, line 773]
Event: 12.292 Thread 0x000001ebb3fe7fe0 Implicit null exception at 0x000001ebc45f9451 to 0x000001ebc45f9950

ZGC Phase Switch (0 events):
No events

VM Operations (20 events):
Event: 10.228 Executing safepoint VM operation: ICBufferFull
Event: 10.228 Executing safepoint VM operation: ICBufferFull done
Event: 10.604 Executing safepoint VM operation: G1CollectForAllocation (G1 Evacuation Pause)
Event: 10.611 Executing safepoint VM operation: G1CollectForAllocation (G1 Evacuation Pause) done
Event: 10.651 Executing non-safepoint VM operation: HandshakeAllThreads (Deoptimize)
Event: 10.651 Executing non-safepoint VM operation: HandshakeAllThreads (Deoptimize) done
Event: 10.652 Executing non-safepoint VM operation: HandshakeAllThreads (Deoptimize)
Event: 10.652 Executing non-safepoint VM operation: HandshakeAllThreads (Deoptimize) done
Event: 11.660 Executing safepoint VM operation: Cleanup
Event: 11.660 Executing safepoint VM operation: Cleanup done
Event: 11.714 Executing safepoint VM operation: G1CollectForAllocation (G1 Evacuation Pause)
Event: 11.720 Executing safepoint VM operation: G1CollectForAllocation (G1 Evacuation Pause) done
Event: 12.318 Executing non-safepoint VM operation: HandshakeAllThreads (Deoptimize)
Event: 12.318 Executing non-safepoint VM operation: HandshakeAllThreads (Deoptimize) done
Event: 12.324 Executing non-safepoint VM operation: HandshakeAllThreads (Deoptimize)
Event: 12.324 Executing non-safepoint VM operation: HandshakeAllThreads (Deoptimize) done
Event: 12.325 Executing non-safepoint VM operation: HandshakeAllThreads (Deoptimize)
Event: 12.326 Executing non-safepoint VM operation: HandshakeAllThreads (Deoptimize) done
Event: 13.341 Executing safepoint VM operation: Cleanup
Event: 13.342 Executing safepoint VM operation: Cleanup done

Memory protections (0 events):
No events

Nmethod flushes (20 events):
Event: 8.764 Thread 0x000001ebd088d6b0 flushing  nmethod 0x000001ebbcaffb90
Event: 8.764 Thread 0x000001ebd088d6b0 flushing  nmethod 0x000001ebbcb00c10
Event: 8.764 Thread 0x000001ebd088d6b0 flushing  nmethod 0x000001ebbcb02010
Event: 8.764 Thread 0x000001ebd088d6b0 flushing  nmethod 0x000001ebbcb02b10
Event: 8.764 Thread 0x000001ebd088d6b0 flushing  nmethod 0x000001ebbcb20a10
Event: 8.764 Thread 0x000001ebd088d6b0 flushing  nmethod 0x000001ebbcb5d790
Event: 8.764 Thread 0x000001ebd088d6b0 flushing  nmethod 0x000001ebbcb5fa10
Event: 8.764 Thread 0x000001ebd088d6b0 flushing  nmethod 0x000001ebbcb9c010
Event: 8.764 Thread 0x000001ebd088d6b0 flushing  nmethod 0x000001ebbcb9ca10
Event: 8.764 Thread 0x000001ebd088d6b0 flushing  nmethod 0x000001ebbcbc1090
Event: 8.764 Thread 0x000001ebd088d6b0 flushing  nmethod 0x000001ebbcbc6790
Event: 8.764 Thread 0x000001ebd088d6b0 flushing  nmethod 0x000001ebbcc04010
Event: 8.764 Thread 0x000001ebd088d6b0 flushing  nmethod 0x000001ebbcc35e90
Event: 8.764 Thread 0x000001ebd088d6b0 flushing  nmethod 0x000001ebbcc37190
Event: 8.764 Thread 0x000001ebd088d6b0 flushing  nmethod 0x000001ebbcc59610
Event: 8.764 Thread 0x000001ebd088d6b0 flushing  nmethod 0x000001ebbcc5bc90
Event: 8.764 Thread 0x000001ebd088d6b0 flushing  nmethod 0x000001ebbcc82f10
Event: 8.764 Thread 0x000001ebd088d6b0 flushing  nmethod 0x000001ebbcc98210
Event: 8.764 Thread 0x000001ebd088d6b0 flushing osr nmethod 0x000001ebbcde0810
Event: 8.764 Thread 0x000001ebd088d6b0 flushing  nmethod 0x000001ebbce59a90

Events (20 events):
Event: 2.325 Thread 0x000001ebb3fe7fe0 Thread added: 0x000001ebd08bb910
Event: 2.396 Thread 0x000001ebd08bb910 Thread exited: 0x000001ebd08bb910
Event: 3.181 Thread 0x000001ebd08ba560 Thread exited: 0x000001ebd08ba560
Event: 4.938 Thread 0x000001ebd08d3890 Thread added: 0x000001ec18ba00c0
Event: 5.944 Thread 0x000001ebb3fe7fe0 Thread added: 0x000001ebd08bbfa0
Event: 5.946 Thread 0x000001ebd08bbfa0 Thread added: 0x000001ebd08ba560
Event: 5.955 Thread 0x000001ebb3fe7fe0 Thread added: 0x000001ec1911f080
Event: 6.025 Thread 0x000001ebb3fe7fe0 Thread added: 0x000001ec1911f710
Event: 7.225 Thread 0x000001ec18ba00c0 Thread exited: 0x000001ec18ba00c0
Event: 7.226 Thread 0x000001ec16489ba0 Thread exited: 0x000001ec16489ba0
Event: 7.319 Thread 0x000001ebd08d3890 Thread added: 0x000001ec18ba00c0
Event: 7.979 Thread 0x000001ebd08d3890 Thread added: 0x000001ec1a4ac020
Event: 8.242 Thread 0x000001ebb3fe7fe0 Thread added: 0x000001ec1911e360
Event: 8.358 Thread 0x000001ec1911e360 Thread added: 0x000001ec191217e0
Event: 9.006 Thread 0x000001ec1a4ac020 Thread exited: 0x000001ec1a4ac020
Event: 9.393 Thread 0x000001ec18ba00c0 Thread exited: 0x000001ec18ba00c0
Event: 9.724 Thread 0x000001ebd08d3890 Thread added: 0x000001ec1a7a3040
Event: 10.053 Thread 0x000001ec1a7a3040 Thread exited: 0x000001ec1a7a3040
Event: 10.416 Thread 0x000001ebd08d3890 Thread added: 0x000001ec1bd18480
Event: 10.834 Thread 0x000001ebd08d3890 Thread added: 0x000001ec1af370b0


Dynamic libraries:
0x00007ff61b1e0000 - 0x00007ff61b1ee000 	C:\Program Files\Eclipse Adoptium\jdk-21.0.12.8-hotspot\bin\javaw.exe
0x00007ff9ecc80000 - 0x00007ff9ecee7000 	C:\windows\SYSTEM32\ntdll.dll
0x00007ff9eb780000 - 0x00007ff9eb849000 	C:\windows\System32\KERNEL32.DLL
0x00007ff9ea620000 - 0x00007ff9eaa11000 	C:\windows\System32\KERNELBASE.dll
0x00007ff9ea4d0000 - 0x00007ff9ea61b000 	C:\windows\System32\ucrtbase.dll
0x00007ff9dc210000 - 0x00007ff9dc228000 	C:\Program Files\Eclipse Adoptium\jdk-21.0.12.8-hotspot\bin\jli.dll
0x00007ff9dad00000 - 0x00007ff9dad1e000 	C:\Program Files\Eclipse Adoptium\jdk-21.0.12.8-hotspot\bin\VCRUNTIME140.dll
0x00007ff9eb480000 - 0x00007ff9eb645000 	C:\windows\System32\USER32.dll
0x00007ff9d0e70000 - 0x00007ff9d1103000 	C:\windows\WinSxS\amd64_microsoft.windows.common-controls_6595b64144ccf1df_6.0.26100.8037_none_3e092faae333b53b\COMCTL32.dll
0x00007ff9ea100000 - 0x00007ff9ea127000 	C:\windows\System32\win32u.dll
0x00007ff9ec140000 - 0x00007ff9ec1e9000 	C:\windows\System32\msvcrt.dll
0x00007ff9eae20000 - 0x00007ff9eae4b000 	C:\windows\System32\GDI32.dll
0x00007ff9e9f40000 - 0x00007ff9ea06b000 	C:\windows\System32\gdi32full.dll
0x00007ff9ea2b0000 - 0x00007ff9ea353000 	C:\windows\System32\msvcp_win.dll
0x00007ff9eb0b0000 - 0x00007ff9eb0e1000 	C:\windows\System32\IMM32.DLL
0x00007ff9de5b0000 - 0x00007ff9de5bc000 	C:\Program Files\Eclipse Adoptium\jdk-21.0.12.8-hotspot\bin\vcruntime140_1.dll
0x00007ff9cdba0000 - 0x00007ff9cdc2d000 	C:\Program Files\Eclipse Adoptium\jdk-21.0.12.8-hotspot\bin\msvcp140.dll
0x00007ff9a6e30000 - 0x00007ff9a7bd2000 	C:\Program Files\Eclipse Adoptium\jdk-21.0.12.8-hotspot\bin\server\jvm.dll
0x00007ff9ebed0000 - 0x00007ff9ebf8b000 	C:\windows\System32\ADVAPI32.dll
0x00007ff9ec280000 - 0x00007ff9ec327000 	C:\windows\System32\sechost.dll
0x00007ff9eab20000 - 0x00007ff9eac38000 	C:\windows\System32\RPCRT4.dll
0x00007ff9ec1f0000 - 0x00007ff9ec264000 	C:\windows\System32\WS2_32.dll
0x00007ff9e93c0000 - 0x00007ff9e941e000 	C:\windows\SYSTEM32\POWRPROF.dll
0x00007ff9de4c0000 - 0x00007ff9de4f5000 	C:\windows\SYSTEM32\WINMM.dll
0x00007ff9da8a0000 - 0x00007ff9da8ab000 	C:\windows\SYSTEM32\VERSION.dll
0x00007ff9e93a0000 - 0x00007ff9e93b4000 	C:\windows\SYSTEM32\UMPDC.dll
0x00007ff9e82f0000 - 0x00007ff9e830b000 	C:\windows\SYSTEM32\kernel.appcore.dll
0x00007ff9de220000 - 0x00007ff9de22a000 	C:\Program Files\Eclipse Adoptium\jdk-21.0.12.8-hotspot\bin\jimage.dll
0x00007ff9db1f0000 - 0x00007ff9db432000 	C:\windows\SYSTEM32\DBGHELP.DLL
0x00007ff9eb0f0000 - 0x00007ff9eb472000 	C:\windows\System32\combase.dll
0x00007ff9ebfc0000 - 0x00007ff9ec097000 	C:\windows\System32\OLEAUT32.dll
0x00007ff9cb530000 - 0x00007ff9cb56b000 	C:\windows\SYSTEM32\dbgcore.DLL
0x00007ff9e9e90000 - 0x00007ff9e9f35000 	C:\windows\System32\bcryptPrimitives.dll
0x00007ff9d93b0000 - 0x00007ff9d93d0000 	C:\Program Files\Eclipse Adoptium\jdk-21.0.12.8-hotspot\bin\java.dll
0x00007ff9ec4d0000 - 0x00007ff9ecc2f000 	C:\windows\System32\SHELL32.dll
0x00007ff9ea360000 - 0x00007ff9ea4ca000 	C:\windows\System32\wintypes.dll
0x00007ff9e9560000 - 0x00007ff9e9dc4000 	C:\windows\System32\windows.storage.dll
0x00007ff9eafb0000 - 0x00007ff9eb0a7000 	C:\windows\System32\SHCORE.dll
0x00007ff9eaab0000 - 0x00007ff9eab17000 	C:\windows\System32\shlwapi.dll
0x00007ff9e9480000 - 0x00007ff9e94a9000 	C:\windows\SYSTEM32\profapi.dll
0x00007ff9cac00000 - 0x00007ff9cacd7000 	C:\Program Files\Eclipse Adoptium\jdk-21.0.12.8-hotspot\bin\jsvml.dll
0x00007ff9de1b0000 - 0x00007ff9de1c0000 	C:\Program Files\Eclipse Adoptium\jdk-21.0.12.8-hotspot\bin\net.dll
0x00007ff9dde30000 - 0x00007ff9ddf57000 	C:\windows\SYSTEM32\WINHTTP.dll
0x00007ff9e8860000 - 0x00007ff9e88cb000 	C:\windows\system32\mswsock.dll
0x00007ff9d8780000 - 0x00007ff9d8796000 	C:\Program Files\Eclipse Adoptium\jdk-21.0.12.8-hotspot\bin\nio.dll
0x00007ff9d4710000 - 0x00007ff9d4728000 	C:\Program Files\Eclipse Adoptium\jdk-21.0.12.8-hotspot\bin\zip.dll
0x00007ff9dd600000 - 0x00007ff9dd60e000 	C:\Program Files\Eclipse Adoptium\jdk-21.0.12.8-hotspot\bin\sunmscapi.dll
0x00007ff9ea130000 - 0x00007ff9ea2a7000 	C:\windows\System32\CRYPT32.dll
0x00007ff9e8d60000 - 0x00007ff9e8d90000 	C:\windows\SYSTEM32\ncrypt.dll
0x00007ff9e8d10000 - 0x00007ff9e8d4f000 	C:\windows\SYSTEM32\NTASN1.dll
0x00007ff9e8b50000 - 0x00007ff9e8b6b000 	C:\windows\SYSTEM32\CRYPTSP.dll
0x00007ff9e8250000 - 0x00007ff9e8289000 	C:\windows\system32\rsaenh.dll
0x00007ff9e8910000 - 0x00007ff9e8942000 	C:\windows\SYSTEM32\USERENV.dll
0x00007ff9e9450000 - 0x00007ff9e947a000 	C:\windows\SYSTEM32\bcrypt.dll
0x00007ff9e8b40000 - 0x00007ff9e8b4c000 	C:\windows\SYSTEM32\CRYPTBASE.dll
0x00007ff9e7ce0000 - 0x00007ff9e7d13000 	C:\windows\SYSTEM32\IPHLPAPI.DLL
0x00007ff9ec270000 - 0x00007ff9ec27a000 	C:\windows\System32\NSI.dll
0x00007ff9de9c0000 - 0x00007ff9de9ca000 	C:\Program Files\Eclipse Adoptium\jdk-21.0.12.8-hotspot\bin\management.dll
0x00007ff9de9b0000 - 0x00007ff9de9bc000 	C:\Program Files\Eclipse Adoptium\jdk-21.0.12.8-hotspot\bin\management_ext.dll
0x00007ff9ec130000 - 0x00007ff9ec138000 	C:\windows\System32\PSAPI.DLL
0x00007ff9e7d70000 - 0x00007ff9e7e9a000 	C:\windows\SYSTEM32\DNSAPI.dll
0x00007ff9e37a0000 - 0x00007ff9e37ab000 	C:\Windows\System32\rasadhlp.dll
0x00007ff9e3c50000 - 0x00007ff9e3cd6000 	C:\windows\System32\fwpuclnt.dll
0x00007ff9dd5c0000 - 0x00007ff9dd5c9000 	C:\Program Files\Eclipse Adoptium\jdk-21.0.12.8-hotspot\bin\extnet.dll

JVMTI agents: none

dbghelp: loaded successfully - version: 4.0.5 - missing functions: none
symbol engine: initialized successfully - sym options: 0x614 - pdb path: .;C:\Program Files\Eclipse Adoptium\jdk-21.0.12.8-hotspot\bin;C:\windows\SYSTEM32;C:\windows\WinSxS\amd64_microsoft.windows.common-controls_6595b64144ccf1df_6.0.26100.8037_none_3e092faae333b53b;C:\Program Files\Eclipse Adoptium\jdk-21.0.12.8-hotspot\bin\server

VM Arguments:
jvm_args: -Dfile.encoding=UTF-8 -Dstdout.encoding=UTF-8 -Dstderr.encoding=UTF-8 -XX:+ShowCodeDetailsInExceptionMessages 
java_command: com.example.OnlineFoodOrderingSystem.OnlineFoodOrderingSystemApplication
java_class_path (initial): C:\Users\ELCOT\Downloads\OnlineFoodOrderingSystem\OnlineFoodOrderingSystem\target\classes;C:\Users\ELCOT\.m2\repository\org\springframework\boot\spring-boot-starter-data-jpa\4.0.3\spring-boot-starter-data-jpa-4.0.3.jar;C:\Users\ELCOT\.m2\repository\org\springframework\boot\spring-boot-starter\4.0.3\spring-boot-starter-4.0.3.jar;C:\Users\ELCOT\.m2\repository\org\springframework\boot\spring-boot-starter-logging\4.0.3\spring-boot-starter-logging-4.0.3.jar;C:\Users\ELCOT\.m2\repository\ch\qos\logback\logback-classic\1.5.32\logback-classic-1.5.32.jar;C:\Users\ELCOT\.m2\repository\ch\qos\logback\logback-core\1.5.32\logback-core-1.5.32.jar;C:\Users\ELCOT\.m2\repository\org\apache\logging\log4j\log4j-to-slf4j\2.25.3\log4j-to-slf4j-2.25.3.jar;C:\Users\ELCOT\.m2\repository\org\apache\logging\log4j\log4j-api\2.25.3\log4j-api-2.25.3.jar;C:\Users\ELCOT\.m2\repository\org\slf4j\jul-to-slf4j\2.0.17\jul-to-slf4j-2.0.17.jar;C:\Users\ELCOT\.m2\repository\org\springframework\boot\spring-boot-autoconfigure\4.0.3\spring-boot-autoconfigure-4.0.3.jar;C:\Users\ELCOT\.m2\repository\jakarta\annotation\jakarta.annotation-api\3.0.0\jakarta.annotation-api-3.0.0.jar;C:\Users\ELCOT\.m2\repository\org\yaml\snakeyaml\2.5\snakeyaml-2.5.jar;C:\Users\ELCOT\.m2\repository\org\springframework\boot\spring-boot-starter-jdbc\4.0.3\spring-boot-starter-jdbc-4.0.3.jar;C:\Users\ELCOT\.m2\repository\com\zaxxer\HikariCP\7.0.2\HikariCP-7.0.2.jar;C:\Users\ELCOT\.m2\repository\org\slf4j\slf4j-api\2.0.17\slf4j-api-2.0.17.jar;C:\Users\ELCOT\.m2\repository\org\springframework\boot\spring-boot-data-jpa\4.0.3\spring-boot-data-jpa-4.0.3.jar;C:\Users\ELCOT\.m2\repository\org\springframework\boot\spring-boot-data-commons\4.0.3\spring-boot-data-commons-4.0.3.jar;C:\Users\ELCOT\.m2\repository\org\springframework\boot\spring-boot-persistence\4.0.3\spring-boot-persistence-4.0.3.jar;C:\Users\ELCOT\.m2\repository\org\springframework\data\spring-data-commons\4.0.3\spring-data-commons-4.0.3.jar;C:\Users\ELCOT\.m2\repository\org\springframework\boot\spring-boot-hibernate\4.0.3\spring-boot-hibernate-4.0.3.jar;C:\Users\ELCOT\.m2\repository\org\springframework\boot\spring-boot-jpa\4.0.3\spring-boot-jpa-4.0.3.jar;C:\Users\ELCOT\.m2\repository\jakarta\persistence\jakarta.persistence-api\3.2.0\jakarta.persistence-api-3.2.0.jar;C:\Users\ELCOT\.m2\repository\org\hibernate\orm\hibernate-core\7.2.4.Final\hibernate-core-7.2.4.Final.jar;C:\Users\ELCOT\.m2\repository\jakarta\transaction\jakarta.transaction-api\2.0.1\jakarta.transaction-api-2.0.1.jar;C:\Users\ELCOT\.m2\repository\org\hibernate\models\hibernate-models\1.0.1\hibernate-models-1.0.1.jar;C:\Users\ELCOT\.m2\repository\org\glassfish\jaxb\jaxb-runtime\4.0.6\jaxb-runtime-4.0.6.jar;C:\Users\ELCOT\.m2\repository\org\glassfish\jaxb\jaxb-core\4.0.6\jaxb-core-4.0.6.jar;C:\Users\ELCOT\.m2\repository\org\eclipse\angus\angus-activation\2.0.3\angus-activation-2.0.3.jar;C:\Users\ELCOT\.m2\repository\org\glassfish\jaxb\txw2\4.0.6\txw2-4.0.6.jar;C:\Users\ELCOT\.m2\repository\com\sun\istack\istack-commons-runtime\4.1.2\istack-commons-runtime-4.1.2.jar;C:\Users\ELCOT\.m2\repository\jakarta\inject\jakarta.inject-api\2.0.1\jakarta.inject-api-2.0.1.jar;C:\Users\ELCOT\.m2\repository\org\springframework\spring-orm\7.0.5\spring-orm-7.0.5.jar;C:\Users\ELCOT\.m2\repository\org\springframework\data\spring-data-jpa\4.0.3\spring-data-jpa-4.0.3.jar;C:\Users\ELCOT\.m2\repository\org\springframework\spring-context\7.0.5\spring-context-7.0.5.jar;C:\Users\ELCOT\.m2\repository\org\springframework\spring-tx\7.0.5\spring-tx-7.0.5.jar;C:\Users\ELCOT\.m2\repository\org\antlr\antlr4-runtime\4.13.2\antlr4-runtime-4.13.2.jar;C:\Users\ELCOT\.m2\repository\org\springframework\spring-aspects\7.0.5\spring-aspects-7.0.5.jar;C:\Users\ELCOT\.m2\repository\org\aspectj\aspectjweaver\1.9.25.1\aspectjweaver-1.9.25.1.jar;C:\Users\ELCOT\.m2\repository\org\springframework\boot\spring-boot-jdbc\4.0.3\spring-boot-jdbc-4.0.3.jar;C:\Users\ELCOT\.m2\repository\org\springframework\boot\spring-boot\4.0.3\spring-boot-4.0.3.jar;C:\Users\ELCOT\.m2\repository\org\springframework\boot\spring-boot-sql\4.0.3\spring-boot-sql-4.0.3.jar;C:\Users\ELCOT\.m2\repository\org\springframework\boot\spring-boot-transaction\4.0.3\spring-boot-transaction-4.0.3.jar;C:\Users\ELCOT\.m2\repository\org\springframework\spring-jdbc\7.0.5\spring-jdbc-7.0.5.jar;C:\Users\ELCOT\.m2\repository\org\springframework\boot\spring-boot-starter-validation\4.0.3\spring-boot-starter-validation-4.0.3.jar;C:\Users\ELCOT\.m2\repository\org\springframework\boot\spring-boot-validation\4.0.3\spring-boot-validation-4.0.3.jar;C:\Users\ELCOT\.m2\repository\org\apache\tomcat\embed\tomcat-embed-el\11.0.18\tomcat-embed-el-11.0.18.jar;C:\Users\ELCOT\.m2\repository\org\hibernate\validator\hibernate-validator\9.0.1.Final\hibernate-validator-9.0.1.Final.jar;C:\Users\ELCOT\.m2\repository\jakarta\validation\jakarta.validation-api\3.1.1\jakarta.validation-api-3.1.1.jar;C:\Users\ELCOT\.m2\repository\org\jboss\logging\jboss-logging\3.6.2.Final\jboss-logging-3.6.2.Final.jar;C:\Users\ELCOT\.m2\repository\com\fasterxml\classmate\1.7.3\classmate-1.7.3.jar;C:\Users\ELCOT\.m2\repository\org\springframework\boot\spring-boot-starter-webmvc\4.0.3\spring-boot-starter-webmvc-4.0.3.jar;C:\Users\ELCOT\.m2\repository\org\springframework\boot\spring-boot-starter-jackson\4.0.3\spring-boot-starter-jackson-4.0.3.jar;C:\Users\ELCOT\.m2\repository\org\springframework\boot\spring-boot-jackson\4.0.3\spring-boot-jackson-4.0.3.jar;C:\Users\ELCOT\.m2\repository\tools\jackson\core\jackson-databind\3.0.4\jackson-databind-3.0.4.jar;C:\Users\ELCOT\.m2\repository\tools\jackson\core\jackson-core\3.0.4\jackson-core-3.0.4.jar;C:\Users\ELCOT\.m2\repository\org\springframework\boot\spring-boot-starter-tomcat\4.0.3\spring-boot-starter-tomcat-4.0.3.jar;C:\Users\ELCOT\.m2\repository\org\springframework\boot\spring-boot-starter-tomcat-runtime\4.0.3\spring-boot-starter-tomcat-runtime-4.0.3.jar;C:\Users\ELCOT\.m2\repository\org\apache\tomcat\embed\tomcat-embed-core\11.0.18\tomcat-embed-core-11.0.18.jar;C:\Users\ELCOT\.m2\repository\org\apache\tomcat\embed\tomcat-embed-websocket\11.0.18\tomcat-embed-websocket-11.0.18.jar;C:\Users\ELCOT\.m2\repository\org\springframework\boot\spring-boot-tomcat\4.0.3\spring-boot-tomcat-4.0.3.jar;C:\Users\ELCOT\.m2\repository\org\springframework\boot\spring-boot-http-converter\4.0.3\spring-boot-http-converter-4.0.3.jar;C:\Users\ELCOT\.m2\repository\org\springframework\spring-web\7.0.5\spring-web-7.0.5.jar;C:\Users\ELCOT\.m2\repository\io\micrometer\micrometer-observation\1.16.3\micrometer-observation-1.16.3.jar;C:\Users\ELCOT\.m2\repository\io\micrometer\micrometer-commons\1.16.3\micrometer-commons-1.16.3.jar;C:\Users\ELCOT\.m2\repository\org\springframework\boot\spring-boot-webmvc\4.0.3\spring-boot-webmvc-4.0.3.jar;C:\Users\ELCOT\.m2\repository\org\springframework\boot\spring-boot-servlet\4.0.3\spring-boot-servlet-4.0.3.jar;C:\Users\ELCOT\.m2\repository\org\springframework\spring-webmvc\7.0.5\spring-webmvc-7.0.5.jar;C:\Users\ELCOT\.m2\repository\org\springframework\spring-expression\7.0.5\spring-expression-7.0.5.jar;C:\Users\ELCOT\.m2\repository\org\springdoc\springdoc-openapi-starter-webmvc-ui\3.0.1\springdoc-openapi-starter-webmvc-ui-3.0.1.jar;C:\Users\ELCOT\.m2\repository\org\springdoc\springdoc-openapi-starter-webmvc-api\3.0.1\springdoc-openapi-starter-webmvc-api-3.0.1.jar;C:\Users\ELCOT\.m2\repository\org\springdoc\springdoc-openapi-starter-common\3.0.1\springdoc-openapi-starter-common-3.0.1.jar;C:\Users\ELCOT\.m2\repository\io\swagger\core\v3\swagger-core-jakarta\2.2.41\swagger-core-jakarta-2.2.41.jar;C:\Users\ELCOT\.m2\repository\org\apache\commons\commons-lang3\3.19.0\commons-lang3-3.19.0.jar;C:\Users\ELCOT\.m2\repository\io\swagger\core\v3\swagger-annotations-jakarta\2.2.41\swagger-annotations-jakarta-2.2.41.jar;C:\Users\ELCOT\.m2\repository\io\swagger\core\v3\swagger-models-jakarta\2.2.41\swagger-models-jakarta-2.2.41.jar;C:\Users\ELCOT\.m2\repository\com\fasterxml\jackson\dataformat\jackson-dataformat-yaml\2.20.2\jackson-dataformat-yaml-2.20.2.jar;C:\Users\ELCOT\.m2\repository\com\fasterxml\jackson\datatype\jackson-datatype-jsr310\2.20.2\jackson-datatype-jsr310-2.20.2.jar;C:\Users\ELCOT\.m2\repository\org\springframework\boot\spring-boot-web-server\4.0.3\spring-boot-web-server-4.0.3.jar;C:\Users\ELCOT\.m2\repository\org\webjars\swagger-ui\5.31.0\swagger-ui-5.31.0.jar;C:\Users\ELCOT\.m2\repository\org\webjars\webjars-locator-lite\1.1.3\webjars-locator-lite-1.1.3.jar;C:\Users\ELCOT\.m2\repository\org\jspecify\jspecify\1.0.0\jspecify-1.0.0.jar;C:\Users\ELCOT\.m2\repository\org\springframework\boot\spring-boot-starter-security\4.1.0-M2\spring-boot-starter-security-4.1.0-M2.jar;C:\Users\ELCOT\.m2\repository\org\springframework\boot\spring-boot-security\4.0.3\spring-boot-security-4.0.3.jar;C:\Users\ELCOT\.m2\repository\org\springframework\security\spring-security-config\7.0.3\spring-security-config-7.0.3.jar;C:\Users\ELCOT\.m2\repository\org\springframework\security\spring-security-core\7.0.3\spring-security-core-7.0.3.jar;C:\Users\ELCOT\.m2\repository\org\springframework\security\spring-security-crypto\7.0.3\spring-security-crypto-7.0.3.jar;C:\Users\ELCOT\.m2\repository\org\springframework\security\spring-security-web\7.0.3\spring-security-web-7.0.3.jar;C:\Users\ELCOT\.m2\repository\org\springframework\spring-aop\7.0.5\spring-aop-7.0.5.jar;C:\Users\ELCOT\.m2\repository\org\springframework\spring-beans\7.0.5\spring-beans-7.0.5.jar;C:\Users\ELCOT\.m2\repository\org\springframework\spring-core\7.0.5\spring-core-7.0.5.jar;C:\Users\ELCOT\.m2\repository\commons-logging\commons-logging\1.3.5\commons-logging-1.3.5.jar;C:\Users\ELCOT\.m2\repository\io\jsonwebtoken\jjwt-api\0.13.0\jjwt-api-0.13.0.jar;C:\Users\ELCOT\.m2\repository\io\jsonwebtoken\jjwt-impl\0.13.0\jjwt-impl-0.13.0.jar;C:\Users\ELCOT\.m2\repository\io\jsonwebtoken\jjwt-jackson\0.13.0\jjwt-jackson-0.13.0.jar;C:\Users\ELCOT\.m2\repository\com\fasterxml\jackson\core\jackson-databind\2.20.2\jackson-databind-2.20.2.jar;C:\Users\ELCOT\.m2\repository\com\fasterxml\jackson\core\jackson-annotations\2.20\jackson-annotations-2.20.jar;C:\Users\ELCOT\.m2\repository\com\fasterxml\jackson\core\jackson-core\2.20.2\jackson-core-2.20.2.jar;C:\Users\ELCOT\.m2\repository\com\mysql\mysql-connector-j\9.6.0\mysql-connector-j-9.6.0.jar;C:\Users\ELCOT\.m2\repository\org\projectlombok\lombok\1.18.42\lombok-1.18.42.jar;C:\Users\ELCOT\.m2\repository\jakarta\xml\bind\jakarta.xml.bind-api\4.0.4\jakarta.xml.bind-api-4.0.4.jar;C:\Users\ELCOT\.m2\repository\jakarta\activation\jakarta.activation-api\2.1.4\jakarta.activation-api-2.1.4.jar;C:\Users\ELCOT\.m2\repository\net\bytebuddy\byte-buddy\1.17.8\byte-buddy-1.17.8.jar
Launcher Type: SUN_STANDARD

[Global flags]
     intx CICompilerCount                          = 4                                         {product} {ergonomic}
     uint ConcGCThreads                            = 2                                         {product} {ergonomic}
     uint G1ConcRefinementThreads                  = 8                                         {product} {ergonomic}
   size_t G1HeapRegionSize                         = 1048576                                   {product} {ergonomic}
    uintx GCDrainStackTargetSize                   = 64                                        {product} {ergonomic}
   size_t InitialHeapSize                          = 121634816                                 {product} {ergonomic}
   size_t MarkStackSize                            = 4194304                                   {product} {ergonomic}
   size_t MaxHeapSize                              = 1944059904                                {product} {ergonomic}
   size_t MaxNewSize                               = 1166016512                                {product} {ergonomic}
   size_t MinHeapDeltaBytes                        = 1048576                                   {product} {ergonomic}
   size_t MinHeapSize                              = 8388608                                   {product} {ergonomic}
    uintx NonNMethodCodeHeapSize                   = 5839372                                {pd product} {ergonomic}
    uintx NonProfiledCodeHeapSize                  = 122909434                              {pd product} {ergonomic}
    uintx ProfiledCodeHeapSize                     = 122909434                              {pd product} {ergonomic}
    uintx ReservedCodeCacheSize                    = 251658240                              {pd product} {ergonomic}
     bool SegmentedCodeCache                       = true                                      {product} {ergonomic}
     bool ShowCodeDetailsInExceptionMessages       = true                                   {manageable} {command line}
   size_t SoftMaxHeapSize                          = 1944059904                             {manageable} {ergonomic}
     bool UseCompressedOops                        = true                           {product lp64_product} {ergonomic}
     bool UseG1GC                                  = true                                      {product} {ergonomic}
     bool UseLargePagesIndividualAllocation        = false                                  {pd product} {ergonomic}

Logging:
Log output configuration:
 #0: stdout all=warning uptime,level,tags foldmultilines=false
 #1: stderr all=off uptime,level,tags foldmultilines=false

Release file:
IMPLEMENTOR="Eclipse Adoptium" 
IMPLEMENTOR_VERSION="Temurin-21.0.12+8" 
JAVA_RUNTIME_VERSION="21.0.12+8-LTS" 
JAVA_VERSION="21.0.12" 
JAVA_VERSION_DATE="2026-07-21" 
LIBC="default" 
MODULES="java.base java.compiler java.datatransfer java.xml java.prefs java.desktop java.instrument java.logging java.management java.security.sasl java.naming java.rmi java.management.rmi java.net.http java.scripting java.security.jgss java.transaction.xa java.sql java.sql.rowset java.xml.crypto java.se java.smartcardio jdk.accessibility jdk.internal.jvmstat jdk.attach jdk.charsets jdk.internal.opt jdk.zipfs jdk.compiler jdk.crypto.ec jdk.crypto.cryptoki jdk.crypto.mscapi jdk.dynalink jdk.internal.ed jdk.editpad jdk.hotspot.agent jdk.httpserver jdk.incubator.vector jdk.internal.le jdk.internal.vm.ci jdk.internal.vm.compiler jdk.internal.vm.compiler.management jdk.jartool jdk.javadoc jdk.jcmd jdk.management jdk.management.agent jdk.jconsole jdk.jdeps jdk.jdwp.agent jdk.jdi jdk.jfr jdk.jlink jdk.jpackage jdk.jshell jdk.jsobject jdk.jstatd jdk.localedata jdk.management.jfr jdk.naming.dns jdk.naming.rmi jdk.net jdk.nio.mapmode jdk.random jdk.sctp jdk.security.auth jdk.security.jgss jdk.unsupported jdk.unsupported.desktop jdk.xml.dom" 
OS_ARCH="x86_64" 
OS_NAME="Windows" 
SOURCE=".:git:04806bcb1d50" 
BUILD_SOURCE="git:e6ba7dec3d07654074559310376a3ae89da5f4ac"
BUILD_SOURCE_REPO="https://github.com/adoptium/temurin-build.git"
SOURCE_REPO="https://github.com/adoptium/jdk21u.git"
FULL_VERSION="21.0.12+8-LTS"
SEMANTIC_VERSION="21.0.12+8"
BUILD_INFO="OS: Windows Server 2022 Version: 10.0"
JVM_VARIANT="Hotspot"
JVM_VERSION="21.0.12+8-LTS"
IMAGE_TYPE="JDK"

Environment Variables:
PATH=C:/Users/ELCOT/.p2/pool/plugins/org.eclipse.justj.openjdk.hotspot.jre.full.win32.x86_64_21.0.9.v20251105-0741/jre/bin/server;C:/Users/ELCOT/.p2/pool/plugins/org.eclipse.justj.openjdk.hotspot.jre.full.win32.x86_64_21.0.9.v20251105-0741/jre/bin;C:\Program Files\Common Files\Oracle\Java\javapath;C:\windows\system32;C:\windows;C:\windows\System32\Wbem;C:\windows\System32\WindowsPowerShell\v1.0\;C:\windows\System32\OpenSSH\;C:\Program Files\Git\cmd;C:\Program Files\MySQL\MySQL Server 8.0\bin;C:\Program Files\MySQL\MySQL Shell 8.0\bin\;C:\Users\ELCOT\AppData\Local\Microsoft\WindowsApps;C:\Users\ELCOT\AppData\Local\Programs\Microsoft VS Code\bin;C:\Users\ELCOT\eclipse\java-2025-12\eclipse;
USERNAME=ELCOT
OS=Windows_NT
PROCESSOR_IDENTIFIER=AMD64 Family 23 Model 160 Stepping 0, AuthenticAMD
TMP=C:\Users\ELCOT\AppData\Local\Temp
TEMP=C:\Users\ELCOT\AppData\Local\Temp




Periodic native trim disabled

---------------  S Y S T E M  ---------------

OS:
 Windows 11 , 64 bit Build 26100 (10.0.26100.7920)
OS uptime: 29 days 0:41 hours
Hyper-V role detected

CPU: total 8 (initial active 8) (8 cores per cpu, 2 threads per core) family 23 model 160 stepping 0 microcode 0x8a0000b, cx8, cmov, fxsr, ht, mmx, 3dnowpref, sse, sse2, sse3, ssse3, sse4a, sse4.1, sse4.2, popcnt, lzcnt, tsc, tscinvbit, avx, avx2, aes, clmul, bmi1, bmi2, adx, sha, fma, vzeroupper, clflush, clflushopt, hv, rdtscp, rdpid, f16c
Processor Information for the first 8 processors :
  Max Mhz: 2401, Current Mhz: 2401, Mhz Limit: 2401

Memory: 4k page, system-wide physical 7412M (609M free)
TotalPageFile size 24930M (AvailPageFile size 14M)
current process WorkingSet (physical memory assigned to process): 307M, peak: 311M
current process commit charge ("private bytes"): 341M, peak: 345M

vm_info: OpenJDK 64-Bit Server VM (21.0.12+8-LTS) for windows-amd64 JRE (21.0.12+8-LTS), built on 2026-07-21T00:00:00Z by "admin" with MS VC++ 17.12 (VS2022)

END.
